[2025-10-18 23:55:23] Starting expired batch processing...
[2025-10-18 23:55:23] Found 8 expired batches to process
[2025-10-18 23:55:23] Processing batch: TRIMMINGS-BATCH001 - TRIMMINGS (Qty: 20.0)
[2025-10-18 23:55:23] ✗ Error processing batch TRIMMINGS-BATCH001: SQLSTATE[HY093]: Invalid parameter number: number of bound variables does not match number of tokens
[2025-10-18 23:55:23] Processing batch: BANGUS-BATCH001 - BANGUS (Qty: 20.0)
[2025-10-18 23:55:23] ✗ Error processing batch BANGUS-BATCH001: SQLSTATE[HY093]: Invalid parameter number: number of bound variables does not match number of tokens
[2025-10-18 23:55:23] Processing batch: BANGUS-BATCH002 - BANGUS (Qty: 15.0)
[2025-10-18 23:55:23] ✗ Error processing batch BANGUS-BATCH002: SQLSTATE[HY093]: Invalid parameter number: number of bound variables does not match number of tokens
[2025-10-18 23:55:23] Processing batch: TRIMMINGS-BATCH002 - TRIMMINGS (Qty: 15.0)
[2025-10-18 23:55:23] ✗ Error processing batch TRIMMINGS-BATCH002: SQLSTATE[HY093]: Invalid parameter number: number of bound variables does not match number of tokens
[2025-10-18 23:55:23] Processing batch: B4-20250919-003 - TEST (Qty: 20.0)
[2025-10-18 23:55:23] ✗ Error processing batch B4-20250919-003: Cannot subtract 20.0 from current stock of 18.00. Result would be negative.
[2025-10-18 23:55:23] Processing batch: BANGUS-BATCH003 - BANGUS (Qty: 25.0)
[2025-10-18 23:55:23] ✗ Error processing batch BANGUS-BATCH003: SQLSTATE[HY093]: Invalid parameter number: number of bound variables does not match number of tokens
[2025-10-18 23:55:23] Processing batch: TRIMMINGS-BATCH003 - TRIMMINGS (Qty: 25.0)
[2025-10-18 23:55:23] ✗ Error processing batch TRIMMINGS-BATCH003: Cannot subtract 25.0 from current stock of 23.00. Result would be negative.
[2025-10-18 23:55:23] Processing batch: B18-20251018-001 - Test Expired Product (Qty: 50.0)
[2025-10-18 23:55:23] ✗ Error processing batch B18-20251018-001: SQLSTATE[HY093]: Invalid parameter number: number of bound variables does not match number of tokens
[2025-10-18 23:55:23] Processing completed. Processed: 0, Errors: 8
[2025-10-18 23:55:23] Warning: 8 batches had errors during processing
[2025-10-18 23:55:23] Expired batch processing finished successfully
[2025-10-18 23:58:36] Starting expired batch processing...
[2025-10-18 23:58:36] Found 8 expired batches to process
[2025-10-18 23:58:36] Processing batch: TRIMMINGS-BATCH001 - TRIMMINGS (Qty: 20.0)
[2025-10-18 23:58:36] ✗ Error processing batch TRIMMINGS-BATCH001: SQLSTATE[HY093]: Invalid parameter number: number of bound variables does not match number of tokens
[2025-10-18 23:58:36] Processing batch: BANGUS-BATCH001 - BANGUS (Qty: 20.0)
[2025-10-18 23:58:36] ✗ Error processing batch BANGUS-BATCH001: SQLSTATE[HY093]: Invalid parameter number: number of bound variables does not match number of tokens
[2025-10-18 23:58:36] Processing batch: BANGUS-BATCH002 - BANGUS (Qty: 15.0)
[2025-10-18 23:58:36] ✗ Error processing batch BANGUS-BATCH002: SQLSTATE[HY093]: Invalid parameter number: number of bound variables does not match number of tokens
[2025-10-18 23:58:36] Processing batch: TRIMMINGS-BATCH002 - TRIMMINGS (Qty: 15.0)
[2025-10-18 23:58:36] ✗ Error processing batch TRIMMINGS-BATCH002: SQLSTATE[HY093]: Invalid parameter number: number of bound variables does not match number of tokens
[2025-10-18 23:58:36] Processing batch: B4-20250919-003 - TEST (Qty: 20.0)
[2025-10-18 23:58:36] ✗ Error processing batch B4-20250919-003: Cannot subtract 20.0 from current stock of 18.00. Result would be negative.
[2025-10-18 23:58:36] Processing batch: BANGUS-BATCH003 - BANGUS (Qty: 25.0)
[2025-10-18 23:58:36] ✗ Error processing batch BANGUS-BATCH003: SQLSTATE[HY093]: Invalid parameter number: number of bound variables does not match number of tokens
[2025-10-18 23:58:36] Processing batch: TRIMMINGS-BATCH003 - TRIMMINGS (Qty: 25.0)
[2025-10-18 23:58:36] ✗ Error processing batch TRIMMINGS-BATCH003: Cannot subtract 25.0 from current stock of 23.00. Result would be negative.
[2025-10-18 23:58:36] Processing batch: B18-20251018-001 - Test Expired Product (Qty: 50.0)
[2025-10-18 23:58:36] ✗ Error processing batch B18-20251018-001: SQLSTATE[HY093]: Invalid parameter number: number of bound variables does not match number of tokens
[2025-10-18 23:58:36] Processing completed. Processed: 0, Errors: 8
[2025-10-18 23:58:36] Warning: 8 batches had errors during processing
[2025-10-18 23:58:36] Expired batch processing finished successfully
[2025-10-18 23:58:58] Starting expired batch processing...
[2025-10-18 23:58:58] Found 8 expired batches to process
[2025-10-18 23:58:58] Processing batch: TRIMMINGS-BATCH001 - TRIMMINGS (Qty: 20.0)
[2025-10-18 23:58:58] ✗ Error processing batch TRIMMINGS-BATCH001: SQLSTATE[23000]: Integrity constraint violation: 1452 Cannot add or update a child row: a foreign key constraint fails (`ordering_system`.`stock_adjustment`, CONSTRAINT `fk_stockadj_user` FOREIGN KEY (`created_by`) REFERENCES `users` (`user_id`))
[2025-10-18 23:58:58] Processing batch: BANGUS-BATCH001 - BANGUS (Qty: 20.0)
[2025-10-18 23:58:58] ✗ Error processing batch BANGUS-BATCH001: SQLSTATE[23000]: Integrity constraint violation: 1452 Cannot add or update a child row: a foreign key constraint fails (`ordering_system`.`stock_adjustment`, CONSTRAINT `fk_stockadj_user` FOREIGN KEY (`created_by`) REFERENCES `users` (`user_id`))
[2025-10-18 23:58:58] Processing batch: BANGUS-BATCH002 - BANGUS (Qty: 15.0)
[2025-10-18 23:58:58] ✗ Error processing batch BANGUS-BATCH002: SQLSTATE[23000]: Integrity constraint violation: 1452 Cannot add or update a child row: a foreign key constraint fails (`ordering_system`.`stock_adjustment`, CONSTRAINT `fk_stockadj_user` FOREIGN KEY (`created_by`) REFERENCES `users` (`user_id`))
[2025-10-18 23:58:58] Processing batch: TRIMMINGS-BATCH002 - TRIMMINGS (Qty: 15.0)
[2025-10-18 23:58:58] ✗ Error processing batch TRIMMINGS-BATCH002: SQLSTATE[23000]: Integrity constraint violation: 1452 Cannot add or update a child row: a foreign key constraint fails (`ordering_system`.`stock_adjustment`, CONSTRAINT `fk_stockadj_user` FOREIGN KEY (`created_by`) REFERENCES `users` (`user_id`))
[2025-10-18 23:58:58] Processing batch: B4-20250919-003 - TEST (Qty: 20.0)
[2025-10-18 23:58:58] ✗ Error processing batch B4-20250919-003: Cannot subtract 20.0 from current stock of 18.00. Result would be negative.
[2025-10-18 23:58:58] Processing batch: BANGUS-BATCH003 - BANGUS (Qty: 25.0)
[2025-10-18 23:58:58] ✗ Error processing batch BANGUS-BATCH003: SQLSTATE[23000]: Integrity constraint violation: 1452 Cannot add or update a child row: a foreign key constraint fails (`ordering_system`.`stock_adjustment`, CONSTRAINT `fk_stockadj_user` FOREIGN KEY (`created_by`) REFERENCES `users` (`user_id`))
[2025-10-18 23:58:58] Processing batch: TRIMMINGS-BATCH003 - TRIMMINGS (Qty: 25.0)
[2025-10-18 23:58:58] ✗ Error processing batch TRIMMINGS-BATCH003: Cannot subtract 25.0 from current stock of 23.00. Result would be negative.
[2025-10-18 23:58:58] Processing batch: B18-20251018-001 - Test Expired Product (Qty: 50.0)
[2025-10-18 23:58:58] ✗ Error processing batch B18-20251018-001: SQLSTATE[23000]: Integrity constraint violation: 1452 Cannot add or update a child row: a foreign key constraint fails (`ordering_system`.`stock_adjustment`, CONSTRAINT `fk_stockadj_user` FOREIGN KEY (`created_by`) REFERENCES `users` (`user_id`))
[2025-10-18 23:58:58] Processing completed. Processed: 0, Errors: 8
[2025-10-18 23:58:58] Warning: 8 batches had errors during processing
[2025-10-18 23:58:58] Expired batch processing finished successfully
[2025-10-18 23:59:33] Starting expired batch processing...
[2025-10-18 23:59:33] Found 8 expired batches to process
[2025-10-18 23:59:33] Processing batch: TRIMMINGS-BATCH001 - TRIMMINGS (Qty: 20.0)
[2025-10-18 23:59:33] ✓ Successfully processed batch: TRIMMINGS-BATCH001
[2025-10-18 23:59:33] Processing batch: BANGUS-BATCH001 - BANGUS (Qty: 20.0)
[2025-10-18 23:59:33] ✓ Successfully processed batch: BANGUS-BATCH001
[2025-10-18 23:59:33] Processing batch: BANGUS-BATCH002 - BANGUS (Qty: 15.0)
[2025-10-18 23:59:33] ✓ Successfully processed batch: BANGUS-BATCH002
[2025-10-18 23:59:33] Processing batch: TRIMMINGS-BATCH002 - TRIMMINGS (Qty: 15.0)
[2025-10-18 23:59:33] ✗ Error processing batch TRIMMINGS-BATCH002: Cannot subtract 15.0 from current stock of 3.00. Result would be negative.
[2025-10-18 23:59:33] Processing batch: B4-20250919-003 - TEST (Qty: 20.0)
[2025-10-18 23:59:33] ✗ Error processing batch B4-20250919-003: Cannot subtract 20.0 from current stock of 18.00. Result would be negative.
[2025-10-18 23:59:33] Processing batch: BANGUS-BATCH003 - BANGUS (Qty: 25.0)
[2025-10-18 23:59:33] ✗ Error processing batch BANGUS-BATCH003: Cannot subtract 25.0 from current stock of 2.00. Result would be negative.
[2025-10-18 23:59:33] Processing batch: TRIMMINGS-BATCH003 - TRIMMINGS (Qty: 25.0)
[2025-10-18 23:59:33] ✗ Error processing batch TRIMMINGS-BATCH003: Cannot subtract 25.0 from current stock of 3.00. Result would be negative.
[2025-10-18 23:59:33] Processing batch: B18-20251018-001 - Test Expired Product (Qty: 50.0)
[2025-10-18 23:59:33] ✓ Successfully processed batch: B18-20251018-001
[2025-10-18 23:59:33] Processing completed. Processed: 4, Errors: 4
[2025-10-18 23:59:33] Warning: 4 batches had errors during processing
[2025-10-18 23:59:33] Expired batch processing finished successfully
[2025-10-18 23:59:40] Starting expired batch processing...
[2025-10-18 23:59:40] Found 5 expired batches to process
[2025-10-18 23:59:40] Processing batch: TRIMMINGS-BATCH002 - TRIMMINGS (Qty: 15.0)
[2025-10-18 23:59:40] ✗ Error processing batch TRIMMINGS-BATCH002: Cannot subtract 15.0 from current stock of 3.00. Result would be negative.
[2025-10-18 23:59:40] Processing batch: B4-20250919-003 - TEST (Qty: 20.0)
[2025-10-18 23:59:40] ✗ Error processing batch B4-20250919-003: Cannot subtract 20.0 from current stock of 18.00. Result would be negative.
[2025-10-18 23:59:40] Processing batch: BANGUS-BATCH003 - BANGUS (Qty: 25.0)
[2025-10-18 23:59:40] ✗ Error processing batch BANGUS-BATCH003: Cannot subtract 25.0 from current stock of 2.00. Result would be negative.
[2025-10-18 23:59:40] Processing batch: TRIMMINGS-BATCH003 - TRIMMINGS (Qty: 25.0)
[2025-10-18 23:59:40] ✗ Error processing batch TRIMMINGS-BATCH003: Cannot subtract 25.0 from current stock of 3.00. Result would be negative.
[2025-10-18 23:59:40] Processing batch: B19-20251018-001 - Test Expired Product (Qty: 50.0)
[2025-10-18 23:59:40] ✓ Successfully processed batch: B19-20251018-001
[2025-10-18 23:59:40] Processing completed. Processed: 1, Errors: 4
[2025-10-18 23:59:40] Warning: 4 batches had errors during processing
[2025-10-18 23:59:40] Expired batch processing finished successfully
[2025-10-19 00:04:20] Starting expired batch processing...
[2025-10-19 00:04:20] Found 4 expired batches to process
[2025-10-19 00:04:20] Processing batch: TRIMMINGS-BATCH002 - TRIMMINGS (Qty: 15.0)
[2025-10-19 00:04:20] ✗ Error processing batch TRIMMINGS-BATCH002: Cannot subtract 15.0 from current stock of 3.00. Result would be negative.
[2025-10-19 00:04:20] Processing batch: B4-20250919-003 - TEST (Qty: 20.0)
[2025-10-19 00:04:20] ✗ Error processing batch B4-20250919-003: Cannot subtract 20.0 from current stock of 18.00. Result would be negative.
[2025-10-19 00:04:20] Processing batch: BANGUS-BATCH003 - BANGUS (Qty: 25.0)
[2025-10-19 00:04:20] ✗ Error processing batch BANGUS-BATCH003: Cannot subtract 25.0 from current stock of 2.00. Result would be negative.
[2025-10-19 00:04:20] Processing batch: TRIMMINGS-BATCH003 - TRIMMINGS (Qty: 25.0)
[2025-10-19 00:04:20] ✗ Error processing batch TRIMMINGS-BATCH003: Cannot subtract 25.0 from current stock of 3.00. Result would be negative.
[2025-10-19 00:04:20] Processing completed. Processed: 0, Errors: 4
[2025-10-19 00:04:20] Warning: 4 batches had errors during processing
[2025-10-19 00:04:20] Expired batch processing finished successfully
[2025-10-19 00:05:55] Starting expired batch processing...
[2025-10-19 00:05:55] Found 4 expired batches to process
[2025-10-19 00:05:55] Processing batch: TRIMMINGS-BATCH002 - TRIMMINGS (Qty: 15.0)
[2025-10-19 00:05:55] ✗ Error processing batch TRIMMINGS-BATCH002: Cannot subtract 15.0 from current stock of 3.00. Result would be negative.
[2025-10-19 00:05:55] Processing batch: B4-20250919-003 - TEST (Qty: 20.0)
[2025-10-19 00:05:55] ✗ Error processing batch B4-20250919-003: Cannot subtract 20.0 from current stock of 18.00. Result would be negative.
[2025-10-19 00:05:55] Processing batch: BANGUS-BATCH003 - BANGUS (Qty: 25.0)
[2025-10-19 00:05:55] ✗ Error processing batch BANGUS-BATCH003: Cannot subtract 25.0 from current stock of 2.00. Result would be negative.
[2025-10-19 00:05:55] Processing batch: TRIMMINGS-BATCH003 - TRIMMINGS (Qty: 25.0)
[2025-10-19 00:05:55] ✗ Error processing batch TRIMMINGS-BATCH003: Cannot subtract 25.0 from current stock of 3.00. Result would be negative.
[2025-10-19 00:05:55] Processing completed. Processed: 0, Errors: 4
[2025-10-19 00:05:55] Warning: 4 batches had errors during processing
[2025-10-19 00:05:55] Expired batch processing finished successfully
[2025-10-19 00:18:39] Starting expired batch processing...
[2025-10-19 00:18:39] Found 4 expired batches to process
[2025-10-19 00:18:39] Processing batch: TRIMMINGS-BATCH002 - TRIMMINGS (Qty: 15.0)
[2025-10-19 00:18:39] ✗ Error processing batch TRIMMINGS-BATCH002: Cannot subtract 15.0 from current stock of 3.00. Result would be negative.
[2025-10-19 00:18:39] Processing batch: B4-20250919-003 - TEST (Qty: 20.0)
[2025-10-19 00:18:39] ✗ Error processing batch B4-20250919-003: Cannot subtract 20.0 from current stock of 18.00. Result would be negative.
[2025-10-19 00:18:39] Processing batch: BANGUS-BATCH003 - BANGUS (Qty: 25.0)
[2025-10-19 00:18:39] ✗ Error processing batch BANGUS-BATCH003: Cannot subtract 25.0 from current stock of 2.00. Result would be negative.
[2025-10-19 00:18:39] Processing batch: TRIMMINGS-BATCH003 - TRIMMINGS (Qty: 25.0)
[2025-10-19 00:18:39] ✗ Error processing batch TRIMMINGS-BATCH003: Cannot subtract 25.0 from current stock of 3.00. Result would be negative.
[2025-10-19 00:18:39] Processing completed. Processed: 0, Errors: 4
[2025-10-19 00:18:39] Warning: 4 batches had errors during processing
[2025-10-19 00:18:39] Expired batch processing finished successfully
[2025-10-19 00:18:42] Starting expired batch processing...
[2025-10-19 00:18:42] Found 4 expired batches to process
[2025-10-19 00:18:42] Processing batch: TRIMMINGS-BATCH002 - TRIMMINGS (Qty: 15.0)
[2025-10-19 00:18:42] ✗ Error processing batch TRIMMINGS-BATCH002: Cannot subtract 15.0 from current stock of 3.00. Result would be negative.
[2025-10-19 00:18:42] Processing batch: B4-20250919-003 - TEST (Qty: 20.0)
[2025-10-19 00:18:42] ✗ Error processing batch B4-20250919-003: Cannot subtract 20.0 from current stock of 18.00. Result would be negative.
[2025-10-19 00:18:42] Processing batch: BANGUS-BATCH003 - BANGUS (Qty: 25.0)
[2025-10-19 00:18:42] ✗ Error processing batch BANGUS-BATCH003: Cannot subtract 25.0 from current stock of 2.00. Result would be negative.
[2025-10-19 00:18:42] Processing batch: TRIMMINGS-BATCH003 - TRIMMINGS (Qty: 25.0)
[2025-10-19 00:18:42] ✗ Error processing batch TRIMMINGS-BATCH003: Cannot subtract 25.0 from current stock of 3.00. Result would be negative.
[2025-10-19 00:18:42] Processing completed. Processed: 0, Errors: 4
[2025-10-19 00:18:42] Warning: 4 batches had errors during processing
[2025-10-19 00:18:42] Expired batch processing finished successfully
[2025-10-19 00:18:43] Starting expired batch processing...
[2025-10-19 00:18:43] Found 4 expired batches to process
[2025-10-19 00:18:43] Processing batch: TRIMMINGS-BATCH002 - TRIMMINGS (Qty: 15.0)
[2025-10-19 00:18:43] ✗ Error processing batch TRIMMINGS-BATCH002: Cannot subtract 15.0 from current stock of 3.00. Result would be negative.
[2025-10-19 00:18:43] Processing batch: B4-20250919-003 - TEST (Qty: 20.0)
[2025-10-19 00:18:43] ✗ Error processing batch B4-20250919-003: Cannot subtract 20.0 from current stock of 18.00. Result would be negative.
[2025-10-19 00:18:43] Processing batch: BANGUS-BATCH003 - BANGUS (Qty: 25.0)
[2025-10-19 00:18:43] ✗ Error processing batch BANGUS-BATCH003: Cannot subtract 25.0 from current stock of 2.00. Result would be negative.
[2025-10-19 00:18:43] Processing batch: TRIMMINGS-BATCH003 - TRIMMINGS (Qty: 25.0)
[2025-10-19 00:18:43] ✗ Error processing batch TRIMMINGS-BATCH003: Cannot subtract 25.0 from current stock of 3.00. Result would be negative.
[2025-10-19 00:18:43] Processing completed. Processed: 0, Errors: 4
[2025-10-19 00:18:43] Warning: 4 batches had errors during processing
[2025-10-19 00:18:43] Expired batch processing finished successfully
[2025-10-19 00:18:44] Starting expired batch processing...
[2025-10-19 00:18:44] Found 4 expired batches to process
[2025-10-19 00:18:44] Processing batch: TRIMMINGS-BATCH002 - TRIMMINGS (Qty: 15.0)
[2025-10-19 00:18:44] ✗ Error processing batch TRIMMINGS-BATCH002: Cannot subtract 15.0 from current stock of 3.00. Result would be negative.
[2025-10-19 00:18:44] Processing batch: B4-20250919-003 - TEST (Qty: 20.0)
[2025-10-19 00:18:44] ✗ Error processing batch B4-20250919-003: Cannot subtract 20.0 from current stock of 18.00. Result would be negative.
[2025-10-19 00:18:44] Processing batch: BANGUS-BATCH003 - BANGUS (Qty: 25.0)
[2025-10-19 00:18:44] ✗ Error processing batch BANGUS-BATCH003: Cannot subtract 25.0 from current stock of 2.00. Result would be negative.
[2025-10-19 00:18:44] Processing batch: TRIMMINGS-BATCH003 - TRIMMINGS (Qty: 25.0)
[2025-10-19 00:18:44] ✗ Error processing batch TRIMMINGS-BATCH003: Cannot subtract 25.0 from current stock of 3.00. Result would be negative.
[2025-10-19 00:18:44] Processing completed. Processed: 0, Errors: 4
[2025-10-19 00:18:44] Warning: 4 batches had errors during processing
[2025-10-19 00:18:44] Expired batch processing finished successfully
[2025-10-19 00:18:45] Starting expired batch processing...
[2025-10-19 00:18:45] Found 4 expired batches to process
[2025-10-19 00:18:45] Processing batch: TRIMMINGS-BATCH002 - TRIMMINGS (Qty: 15.0)
[2025-10-19 00:18:45] ✗ Error processing batch TRIMMINGS-BATCH002: Cannot subtract 15.0 from current stock of 3.00. Result would be negative.
[2025-10-19 00:18:45] Processing batch: B4-20250919-003 - TEST (Qty: 20.0)
[2025-10-19 00:18:45] ✗ Error processing batch B4-20250919-003: Cannot subtract 20.0 from current stock of 18.00. Result would be negative.
[2025-10-19 00:18:45] Processing batch: BANGUS-BATCH003 - BANGUS (Qty: 25.0)
[2025-10-19 00:18:45] ✗ Error processing batch BANGUS-BATCH003: Cannot subtract 25.0 from current stock of 2.00. Result would be negative.
[2025-10-19 00:18:45] Processing batch: TRIMMINGS-BATCH003 - TRIMMINGS (Qty: 25.0)
[2025-10-19 00:18:45] ✗ Error processing batch TRIMMINGS-BATCH003: Cannot subtract 25.0 from current stock of 3.00. Result would be negative.
[2025-10-19 00:18:45] Processing completed. Processed: 0, Errors: 4
[2025-10-19 00:18:45] Warning: 4 batches had errors during processing
[2025-10-19 00:18:45] Expired batch processing finished successfully
[2025-10-19 00:18:46] Starting expired batch processing...
[2025-10-19 00:18:46] Found 4 expired batches to process
[2025-10-19 00:18:46] Processing batch: TRIMMINGS-BATCH002 - TRIMMINGS (Qty: 15.0)
[2025-10-19 00:18:46] ✗ Error processing batch TRIMMINGS-BATCH002: Cannot subtract 15.0 from current stock of 3.00. Result would be negative.
[2025-10-19 00:18:46] Processing batch: B4-20250919-003 - TEST (Qty: 20.0)
[2025-10-19 00:18:46] ✗ Error processing batch B4-20250919-003: Cannot subtract 20.0 from current stock of 18.00. Result would be negative.
[2025-10-19 00:18:46] Processing batch: BANGUS-BATCH003 - BANGUS (Qty: 25.0)
[2025-10-19 00:18:46] ✗ Error processing batch BANGUS-BATCH003: Cannot subtract 25.0 from current stock of 2.00. Result would be negative.
[2025-10-19 00:18:46] Processing batch: TRIMMINGS-BATCH003 - TRIMMINGS (Qty: 25.0)
[2025-10-19 00:18:46] ✗ Error processing batch TRIMMINGS-BATCH003: Cannot subtract 25.0 from current stock of 3.00. Result would be negative.
[2025-10-19 00:18:46] Processing completed. Processed: 0, Errors: 4
[2025-10-19 00:18:46] Warning: 4 batches had errors during processing
[2025-10-19 00:18:46] Expired batch processing finished successfully
[2025-10-19 00:18:47] Starting expired batch processing...
[2025-10-19 00:18:47] Found 4 expired batches to process
[2025-10-19 00:18:47] Processing batch: TRIMMINGS-BATCH002 - TRIMMINGS (Qty: 15.0)
[2025-10-19 00:18:47] ✗ Error processing batch TRIMMINGS-BATCH002: Cannot subtract 15.0 from current stock of 3.00. Result would be negative.
[2025-10-19 00:18:47] Processing batch: B4-20250919-003 - TEST (Qty: 20.0)
[2025-10-19 00:18:47] ✗ Error processing batch B4-20250919-003: Cannot subtract 20.0 from current stock of 18.00. Result would be negative.
[2025-10-19 00:18:47] Processing batch: BANGUS-BATCH003 - BANGUS (Qty: 25.0)
[2025-10-19 00:18:47] ✗ Error processing batch BANGUS-BATCH003: Cannot subtract 25.0 from current stock of 2.00. Result would be negative.
[2025-10-19 00:18:47] Processing batch: TRIMMINGS-BATCH003 - TRIMMINGS (Qty: 25.0)
[2025-10-19 00:18:47] ✗ Error processing batch TRIMMINGS-BATCH003: Cannot subtract 25.0 from current stock of 3.00. Result would be negative.
[2025-10-19 00:18:47] Processing completed. Processed: 0, Errors: 4
[2025-10-19 00:18:47] Warning: 4 batches had errors during processing
[2025-10-19 00:18:47] Expired batch processing finished successfully
[2025-10-19 00:18:48] Starting expired batch processing...
[2025-10-19 00:18:48] Found 4 expired batches to process
[2025-10-19 00:18:48] Processing batch: TRIMMINGS-BATCH002 - TRIMMINGS (Qty: 15.0)
[2025-10-19 00:18:48] ✗ Error processing batch TRIMMINGS-BATCH002: Cannot subtract 15.0 from current stock of 3.00. Result would be negative.
[2025-10-19 00:18:48] Processing batch: B4-20250919-003 - TEST (Qty: 20.0)
[2025-10-19 00:18:48] ✗ Error processing batch B4-20250919-003: Cannot subtract 20.0 from current stock of 18.00. Result would be negative.
[2025-10-19 00:18:48] Processing batch: BANGUS-BATCH003 - BANGUS (Qty: 25.0)
[2025-10-19 00:18:48] ✗ Error processing batch BANGUS-BATCH003: Cannot subtract 25.0 from current stock of 2.00. Result would be negative.
[2025-10-19 00:18:48] Processing batch: TRIMMINGS-BATCH003 - TRIMMINGS (Qty: 25.0)
[2025-10-19 00:18:48] ✗ Error processing batch TRIMMINGS-BATCH003: Cannot subtract 25.0 from current stock of 3.00. Result would be negative.
[2025-10-19 00:18:48] Processing completed. Processed: 0, Errors: 4
[2025-10-19 00:18:48] Warning: 4 batches had errors during processing
[2025-10-19 00:18:48] Expired batch processing finished successfully
[2025-10-19 00:18:50] Starting expired batch processing...
[2025-10-19 00:18:50] Found 4 expired batches to process
[2025-10-19 00:18:50] Processing batch: TRIMMINGS-BATCH002 - TRIMMINGS (Qty: 15.0)
[2025-10-19 00:18:50] ✗ Error processing batch TRIMMINGS-BATCH002: Cannot subtract 15.0 from current stock of 3.00. Result would be negative.
[2025-10-19 00:18:50] Processing batch: B4-20250919-003 - TEST (Qty: 20.0)
[2025-10-19 00:18:50] ✗ Error processing batch B4-20250919-003: Cannot subtract 20.0 from current stock of 18.00. Result would be negative.
[2025-10-19 00:18:50] Processing batch: BANGUS-BATCH003 - BANGUS (Qty: 25.0)
[2025-10-19 00:18:50] ✗ Error processing batch BANGUS-BATCH003: Cannot subtract 25.0 from current stock of 2.00. Result would be negative.
[2025-10-19 00:18:50] Processing batch: TRIMMINGS-BATCH003 - TRIMMINGS (Qty: 25.0)
[2025-10-19 00:18:50] ✗ Error processing batch TRIMMINGS-BATCH003: Cannot subtract 25.0 from current stock of 3.00. Result would be negative.
[2025-10-19 00:18:50] Processing completed. Processed: 0, Errors: 4
[2025-10-19 00:18:50] Warning: 4 batches had errors during processing
[2025-10-19 00:18:50] Expired batch processing finished successfully
[2025-10-19 00:18:51] Starting expired batch processing...
[2025-10-19 00:18:51] Found 4 expired batches to process
[2025-10-19 00:18:51] Processing batch: TRIMMINGS-BATCH002 - TRIMMINGS (Qty: 15.0)
[2025-10-19 00:18:51] ✗ Error processing batch TRIMMINGS-BATCH002: Cannot subtract 15.0 from current stock of 3.00. Result would be negative.
[2025-10-19 00:18:51] Processing batch: B4-20250919-003 - TEST (Qty: 20.0)
[2025-10-19 00:18:51] ✗ Error processing batch B4-20250919-003: Cannot subtract 20.0 from current stock of 18.00. Result would be negative.
[2025-10-19 00:18:51] Processing batch: BANGUS-BATCH003 - BANGUS (Qty: 25.0)
[2025-10-19 00:18:51] ✗ Error processing batch BANGUS-BATCH003: Cannot subtract 25.0 from current stock of 2.00. Result would be negative.
[2025-10-19 00:18:51] Processing batch: TRIMMINGS-BATCH003 - TRIMMINGS (Qty: 25.0)
[2025-10-19 00:18:51] ✗ Error processing batch TRIMMINGS-BATCH003: Cannot subtract 25.0 from current stock of 3.00. Result would be negative.
[2025-10-19 00:18:51] Processing completed. Processed: 0, Errors: 4
[2025-10-19 00:18:51] Warning: 4 batches had errors during processing
[2025-10-19 00:18:51] Expired batch processing finished successfully
[2025-10-19 00:18:51] Starting expired batch processing...
[2025-10-19 00:18:51] Found 4 expired batches to process
[2025-10-19 00:18:51] Processing batch: TRIMMINGS-BATCH002 - TRIMMINGS (Qty: 15.0)
[2025-10-19 00:18:51] ✗ Error processing batch TRIMMINGS-BATCH002: Cannot subtract 15.0 from current stock of 3.00. Result would be negative.
[2025-10-19 00:18:51] Processing batch: B4-20250919-003 - TEST (Qty: 20.0)
[2025-10-19 00:18:51] ✗ Error processing batch B4-20250919-003: Cannot subtract 20.0 from current stock of 18.00. Result would be negative.
[2025-10-19 00:18:51] Processing batch: BANGUS-BATCH003 - BANGUS (Qty: 25.0)
[2025-10-19 00:18:51] ✗ Error processing batch BANGUS-BATCH003: Cannot subtract 25.0 from current stock of 2.00. Result would be negative.
[2025-10-19 00:18:51] Processing batch: TRIMMINGS-BATCH003 - TRIMMINGS (Qty: 25.0)
[2025-10-19 00:18:51] ✗ Error processing batch TRIMMINGS-BATCH003: Cannot subtract 25.0 from current stock of 3.00. Result would be negative.
[2025-10-19 00:18:51] Processing completed. Processed: 0, Errors: 4
[2025-10-19 00:18:51] Warning: 4 batches had errors during processing
[2025-10-19 00:18:51] Expired batch processing finished successfully
[2025-10-19 00:18:52] Starting expired batch processing...
[2025-10-19 00:18:52] Found 4 expired batches to process
[2025-10-19 00:18:52] Processing batch: TRIMMINGS-BATCH002 - TRIMMINGS (Qty: 15.0)
[2025-10-19 00:18:52] ✗ Error processing batch TRIMMINGS-BATCH002: Cannot subtract 15.0 from current stock of 3.00. Result would be negative.
[2025-10-19 00:18:52] Processing batch: B4-20250919-003 - TEST (Qty: 20.0)
[2025-10-19 00:18:52] ✗ Error processing batch B4-20250919-003: Cannot subtract 20.0 from current stock of 18.00. Result would be negative.
[2025-10-19 00:18:52] Processing batch: BANGUS-BATCH003 - BANGUS (Qty: 25.0)
[2025-10-19 00:18:52] ✗ Error processing batch BANGUS-BATCH003: Cannot subtract 25.0 from current stock of 2.00. Result would be negative.
[2025-10-19 00:18:52] Processing batch: TRIMMINGS-BATCH003 - TRIMMINGS (Qty: 25.0)
[2025-10-19 00:18:52] ✗ Error processing batch TRIMMINGS-BATCH003: Cannot subtract 25.0 from current stock of 3.00. Result would be negative.
[2025-10-19 00:18:52] Processing completed. Processed: 0, Errors: 4
[2025-10-19 00:18:52] Warning: 4 batches had errors during processing
[2025-10-19 00:18:52] Expired batch processing finished successfully
[2025-10-19 00:18:52] Starting expired batch processing...
[2025-10-19 00:18:52] Found 4 expired batches to process
[2025-10-19 00:18:52] Processing batch: TRIMMINGS-BATCH002 - TRIMMINGS (Qty: 15.0)
[2025-10-19 00:18:52] ✗ Error processing batch TRIMMINGS-BATCH002: Cannot subtract 15.0 from current stock of 3.00. Result would be negative.
[2025-10-19 00:18:52] Processing batch: B4-20250919-003 - TEST (Qty: 20.0)
[2025-10-19 00:18:52] ✗ Error processing batch B4-20250919-003: Cannot subtract 20.0 from current stock of 18.00. Result would be negative.
[2025-10-19 00:18:52] Processing batch: BANGUS-BATCH003 - BANGUS (Qty: 25.0)
[2025-10-19 00:18:52] ✗ Error processing batch BANGUS-BATCH003: Cannot subtract 25.0 from current stock of 2.00. Result would be negative.
[2025-10-19 00:18:52] Processing batch: TRIMMINGS-BATCH003 - TRIMMINGS (Qty: 25.0)
[2025-10-19 00:18:52] ✗ Error processing batch TRIMMINGS-BATCH003: Cannot subtract 25.0 from current stock of 3.00. Result would be negative.
[2025-10-19 00:18:52] Processing completed. Processed: 0, Errors: 4
[2025-10-19 00:18:52] Warning: 4 batches had errors during processing
[2025-10-19 00:18:52] Expired batch processing finished successfully
[2025-10-19 00:18:52] Starting expired batch processing...
[2025-10-19 00:18:52] Found 4 expired batches to process
[2025-10-19 00:18:52] Processing batch: TRIMMINGS-BATCH002 - TRIMMINGS (Qty: 15.0)
[2025-10-19 00:18:52] ✗ Error processing batch TRIMMINGS-BATCH002: Cannot subtract 15.0 from current stock of 3.00. Result would be negative.
[2025-10-19 00:18:52] Processing batch: B4-20250919-003 - TEST (Qty: 20.0)
[2025-10-19 00:18:52] ✗ Error processing batch B4-20250919-003: Cannot subtract 20.0 from current stock of 18.00. Result would be negative.
[2025-10-19 00:18:52] Processing batch: BANGUS-BATCH003 - BANGUS (Qty: 25.0)
[2025-10-19 00:18:52] ✗ Error processing batch BANGUS-BATCH003: Cannot subtract 25.0 from current stock of 2.00. Result would be negative.
[2025-10-19 00:18:52] Processing batch: TRIMMINGS-BATCH003 - TRIMMINGS (Qty: 25.0)
[2025-10-19 00:18:52] ✗ Error processing batch TRIMMINGS-BATCH003: Cannot subtract 25.0 from current stock of 3.00. Result would be negative.
[2025-10-19 00:18:52] Processing completed. Processed: 0, Errors: 4
[2025-10-19 00:18:52] Warning: 4 batches had errors during processing
[2025-10-19 00:18:52] Expired batch processing finished successfully
[2025-10-19 00:18:52] Starting expired batch processing...
[2025-10-19 00:18:52] Found 4 expired batches to process
[2025-10-19 00:18:52] Processing batch: TRIMMINGS-BATCH002 - TRIMMINGS (Qty: 15.0)
[2025-10-19 00:18:52] ✗ Error processing batch TRIMMINGS-BATCH002: Cannot subtract 15.0 from current stock of 3.00. Result would be negative.
[2025-10-19 00:18:52] Processing batch: B4-20250919-003 - TEST (Qty: 20.0)
[2025-10-19 00:18:52] ✗ Error processing batch B4-20250919-003: Cannot subtract 20.0 from current stock of 18.00. Result would be negative.
[2025-10-19 00:18:52] Processing batch: BANGUS-BATCH003 - BANGUS (Qty: 25.0)
[2025-10-19 00:18:52] ✗ Error processing batch BANGUS-BATCH003: Cannot subtract 25.0 from current stock of 2.00. Result would be negative.
[2025-10-19 00:18:52] Processing batch: TRIMMINGS-BATCH003 - TRIMMINGS (Qty: 25.0)
[2025-10-19 00:18:52] ✗ Error processing batch TRIMMINGS-BATCH003: Cannot subtract 25.0 from current stock of 3.00. Result would be negative.
[2025-10-19 00:18:52] Processing completed. Processed: 0, Errors: 4
[2025-10-19 00:18:52] Warning: 4 batches had errors during processing
[2025-10-19 00:18:52] Expired batch processing finished successfully
[2025-10-19 00:18:53] Starting expired batch processing...
[2025-10-19 00:18:53] Found 4 expired batches to process
[2025-10-19 00:18:53] Processing batch: TRIMMINGS-BATCH002 - TRIMMINGS (Qty: 15.0)
[2025-10-19 00:18:53] ✗ Error processing batch TRIMMINGS-BATCH002: Cannot subtract 15.0 from current stock of 3.00. Result would be negative.
[2025-10-19 00:18:53] Processing batch: B4-20250919-003 - TEST (Qty: 20.0)
[2025-10-19 00:18:53] ✗ Error processing batch B4-20250919-003: Cannot subtract 20.0 from current stock of 18.00. Result would be negative.
[2025-10-19 00:18:53] Processing batch: BANGUS-BATCH003 - BANGUS (Qty: 25.0)
[2025-10-19 00:18:53] ✗ Error processing batch BANGUS-BATCH003: Cannot subtract 25.0 from current stock of 2.00. Result would be negative.
[2025-10-19 00:18:53] Processing batch: TRIMMINGS-BATCH003 - TRIMMINGS (Qty: 25.0)
[2025-10-19 00:18:53] ✗ Error processing batch TRIMMINGS-BATCH003: Cannot subtract 25.0 from current stock of 3.00. Result would be negative.
[2025-10-19 00:18:53] Processing completed. Processed: 0, Errors: 4
[2025-10-19 00:18:53] Warning: 4 batches had errors during processing
[2025-10-19 00:18:53] Expired batch processing finished successfully
[2025-10-19 00:18:53] Starting expired batch processing...
[2025-10-19 00:18:53] Found 4 expired batches to process
[2025-10-19 00:18:53] Processing batch: TRIMMINGS-BATCH002 - TRIMMINGS (Qty: 15.0)
[2025-10-19 00:18:53] ✗ Error processing batch TRIMMINGS-BATCH002: Cannot subtract 15.0 from current stock of 3.00. Result would be negative.
[2025-10-19 00:18:53] Processing batch: B4-20250919-003 - TEST (Qty: 20.0)
[2025-10-19 00:18:53] ✗ Error processing batch B4-20250919-003: Cannot subtract 20.0 from current stock of 18.00. Result would be negative.
[2025-10-19 00:18:53] Processing batch: BANGUS-BATCH003 - BANGUS (Qty: 25.0)
[2025-10-19 00:18:53] ✗ Error processing batch BANGUS-BATCH003: Cannot subtract 25.0 from current stock of 2.00. Result would be negative.
[2025-10-19 00:18:53] Processing batch: TRIMMINGS-BATCH003 - TRIMMINGS (Qty: 25.0)
[2025-10-19 00:18:53] ✗ Error processing batch TRIMMINGS-BATCH003: Cannot subtract 25.0 from current stock of 3.00. Result would be negative.
[2025-10-19 00:18:53] Processing completed. Processed: 0, Errors: 4
[2025-10-19 00:18:53] Warning: 4 batches had errors during processing
[2025-10-19 00:18:53] Expired batch processing finished successfully
[2025-10-19 00:18:53] Starting expired batch processing...
[2025-10-19 00:18:53] Found 4 expired batches to process
[2025-10-19 00:18:53] Processing batch: TRIMMINGS-BATCH002 - TRIMMINGS (Qty: 15.0)
[2025-10-19 00:18:53] ✗ Error processing batch TRIMMINGS-BATCH002: Cannot subtract 15.0 from current stock of 3.00. Result would be negative.
[2025-10-19 00:18:53] Processing batch: B4-20250919-003 - TEST (Qty: 20.0)
[2025-10-19 00:18:53] ✗ Error processing batch B4-20250919-003: Cannot subtract 20.0 from current stock of 18.00. Result would be negative.
[2025-10-19 00:18:53] Processing batch: BANGUS-BATCH003 - BANGUS (Qty: 25.0)
[2025-10-19 00:18:53] ✗ Error processing batch BANGUS-BATCH003: Cannot subtract 25.0 from current stock of 2.00. Result would be negative.
[2025-10-19 00:18:53] Processing batch: TRIMMINGS-BATCH003 - TRIMMINGS (Qty: 25.0)
[2025-10-19 00:18:53] ✗ Error processing batch TRIMMINGS-BATCH003: Cannot subtract 25.0 from current stock of 3.00. Result would be negative.
[2025-10-19 00:18:53] Processing completed. Processed: 0, Errors: 4
[2025-10-19 00:18:53] Warning: 4 batches had errors during processing
[2025-10-19 00:18:53] Expired batch processing finished successfully
[2025-10-19 00:18:54] Starting expired batch processing...
[2025-10-19 00:18:54] Found 4 expired batches to process
[2025-10-19 00:18:54] Processing batch: TRIMMINGS-BATCH002 - TRIMMINGS (Qty: 15.0)
[2025-10-19 00:18:54] ✗ Error processing batch TRIMMINGS-BATCH002: Cannot subtract 15.0 from current stock of 3.00. Result would be negative.
[2025-10-19 00:18:54] Processing batch: B4-20250919-003 - TEST (Qty: 20.0)
[2025-10-19 00:18:54] ✗ Error processing batch B4-20250919-003: Cannot subtract 20.0 from current stock of 18.00. Result would be negative.
[2025-10-19 00:18:54] Processing batch: BANGUS-BATCH003 - BANGUS (Qty: 25.0)
[2025-10-19 00:18:54] ✗ Error processing batch BANGUS-BATCH003: Cannot subtract 25.0 from current stock of 2.00. Result would be negative.
[2025-10-19 00:18:54] Processing batch: TRIMMINGS-BATCH003 - TRIMMINGS (Qty: 25.0)
[2025-10-19 00:18:54] ✗ Error processing batch TRIMMINGS-BATCH003: Cannot subtract 25.0 from current stock of 3.00. Result would be negative.
[2025-10-19 00:18:54] Processing completed. Processed: 0, Errors: 4
[2025-10-19 00:18:54] Warning: 4 batches had errors during processing
[2025-10-19 00:18:54] Expired batch processing finished successfully
